// Jest Snapshot v1, https://goo.gl/fbAQLP

exports[`<Button /> tests Should match with the component snapshot 1`] = `
<DocumentFragment>
  <button
    class="button font-regular font-primary color-background background-primary"
  >
    Hello World
  </button>
</DocumentFragment>
`;
